This is pdfTeX, Version 3.141592653-2.6-1.40.27 (TeX Live 2025) (preloaded format=pdflatex 2025.12.10)  21 MAY 2026 01:19
entering extended mode
 restricted \write18 enabled.
 %&-line parsing enabled.
**model.tex
(./model.tex
LaTeX2e <2024-11-01> patch level 2
L3 programming layer <2025-01-18>
(/usr/local/texlive/2025/texmf-dist/tex/latex/base/article.cls
Document Class: article 2024/06/29 v1.4n Standard LaTeX document class
(/usr/local/texlive/2025/texmf-dist/tex/latex/base/size10.clo
File: size10.clo 2024/06/29 v1.4n Standard LaTeX file (size option)
)
\c@part=\count196
\c@section=\count197
\c@subsection=\count198
\c@subsubsection=\count199
\c@paragraph=\count266
\c@subparagraph=\count267
\c@figure=\count268
\c@table=\count269
\abovecaptionskip=\skip49
\belowcaptionskip=\skip50
\bibindent=\dimen141
)
(/usr/local/texlive/2025/texmf-dist/tex/latex/geometry/geometry.sty
Package: geometry 2020/01/02 v5.9 Page Geometry

(/usr/local/texlive/2025/texmf-dist/tex/latex/graphics/keyval.sty
Package: keyval 2022/05/29 v1.15 key=value parser (DPC)
\KV@toks@=\toks17
)
(/usr/local/texlive/2025/texmf-dist/tex/generic/iftex/ifvtex.sty
Package: ifvtex 2019/10/25 v1.7 ifvtex legacy package. Use iftex instead.

(/usr/local/texlive/2025/texmf-dist/tex/generic/iftex/iftex.sty
Package: iftex 2024/12/12 v1.0g TeX engine tests
))
\Gm@cnth=\count270
\Gm@cntv=\count271
\c@Gm@tempcnt=\count272
\Gm@bindingoffset=\dimen142
\Gm@wd@mp=\dimen143
\Gm@odd@mp=\dimen144
\Gm@even@mp=\dimen145
\Gm@layoutwidth=\dimen146
\Gm@layoutheight=\dimen147
\Gm@layouthoffset=\dimen148
\Gm@layoutvoffset=\dimen149
\Gm@dimlist=\toks18
)
(/usr/local/texlive/2025/texmf-dist/tex/latex/amsmath/amsmath.sty
Package: amsmath 2024/11/05 v2.17t AMS math features
\@mathmargin=\skip51

For additional information on amsmath, use the `?' option.
(/usr/local/texlive/2025/texmf-dist/tex/latex/amsmath/amstext.sty
Package: amstext 2021/08/26 v2.01 AMS text

(/usr/local/texlive/2025/texmf-dist/tex/latex/amsmath/amsgen.sty
File: amsgen.sty 1999/11/30 v2.0 generic functions
\@emptytoks=\toks19
\ex@=\dimen150
))
(/usr/local/texlive/2025/texmf-dist/tex/latex/amsmath/amsbsy.sty
Package: amsbsy 1999/11/29 v1.2d Bold Symbols
\pmbraise@=\dimen151
)
(/usr/local/texlive/2025/texmf-dist/tex/latex/amsmath/amsopn.sty
Package: amsopn 2022/04/08 v2.04 operator names
)
\inf@bad=\count273
LaTeX Info: Redefining \frac on input line 233.
\uproot@=\count274
\leftroot@=\count275
LaTeX Info: Redefining \overline on input line 398.
LaTeX Info: Redefining \colon on input line 409.
\classnum@=\count276
\DOTSCASE@=\count277
LaTeX Info: Redefining \ldots on input line 495.
LaTeX Info: Redefining \dots on input line 498.
LaTeX Info: Redefining \cdots on input line 619.
\Mathstrutbox@=\box52
\strutbox@=\box53
LaTeX Info: Redefining \big on input line 721.
LaTeX Info: Redefining \Big on input line 722.
LaTeX Info: Redefining \bigg on input line 723.
LaTeX Info: Redefining \Bigg on input line 724.
\big@size=\dimen152
LaTeX Font Info:    Redeclaring font encoding OML on input line 742.
LaTeX Font Info:    Redeclaring font encoding OMS on input line 743.
\macc@depth=\count278
LaTeX Info: Redefining \bmod on input line 904.
LaTeX Info: Redefining \pmod on input line 909.
LaTeX Info: Redefining \smash on input line 939.
LaTeX Info: Redefining \relbar on input line 969.
LaTeX Info: Redefining \Relbar on input line 970.
\c@MaxMatrixCols=\count279
\dotsspace@=\muskip17
\c@parentequation=\count280
\dspbrk@lvl=\count281
\tag@help=\toks20
\row@=\count282
\column@=\count283
\maxfields@=\count284
\andhelp@=\toks21
\eqnshift@=\dimen153
\alignsep@=\dimen154
\tagshift@=\dimen155
\tagwidth@=\dimen156
\totwidth@=\dimen157
\lineht@=\dimen158
\@envbody=\toks22
\multlinegap=\skip52
\multlinetaggap=\skip53
\mathdisplay@stack=\toks23
LaTeX Info: Redefining \[ on input line 2953.
LaTeX Info: Redefining \] on input line 2954.
)
(/usr/local/texlive/2025/texmf-dist/tex/latex/amsfonts/amssymb.sty
Package: amssymb 2013/01/14 v3.01 AMS font symbols

(/usr/local/texlive/2025/texmf-dist/tex/latex/amsfonts/amsfonts.sty
Package: amsfonts 2013/01/14 v3.01 Basic AMSFonts support
\symAMSa=\mathgroup4
\symAMSb=\mathgroup5
LaTeX Font Info:    Redeclaring math symbol \hbar on input line 98.
LaTeX Font Info:    Overwriting math alphabet `\mathfrak' in version `bold'
(Font)                  U/euf/m/n --> U/euf/b/n on input line 106.
))
(/usr/local/texlive/2025/texmf-dist/tex/latex/booktabs/booktabs.sty
Package: booktabs 2020/01/12 v1.61803398 Publication quality tables
\heavyrulewidth=\dimen159
\lightrulewidth=\dimen160
\cmidrulewidth=\dimen161
\belowrulesep=\dimen162
\belowbottomsep=\dimen163
\aboverulesep=\dimen164
\abovetopsep=\dimen165
\cmidrulesep=\dimen166
\cmidrulekern=\dimen167
\defaultaddspace=\dimen168
\@cmidla=\count285
\@cmidlb=\count286
\@aboverulesep=\dimen169
\@belowrulesep=\dimen170
\@thisruleclass=\count287
\@lastruleclass=\count288
\@thisrulewidth=\dimen171
)
(/usr/local/texlive/2025/texmf-dist/tex/latex/graphics/graphicx.sty
Package: graphicx 2021/09/16 v1.2d Enhanced LaTeX Graphics (DPC,SPQR)

(/usr/local/texlive/2025/texmf-dist/tex/latex/graphics/graphics.sty
Package: graphics 2024/08/06 v1.4g Standard LaTeX Graphics (DPC,SPQR)

(/usr/local/texlive/2025/texmf-dist/tex/latex/graphics/trig.sty
Package: trig 2023/12/02 v1.11 sin cos tan (DPC)
)
(/usr/local/texlive/2025/texmf-dist/tex/latex/graphics-cfg/graphics.cfg
File: graphics.cfg 2016/06/04 v1.11 sample graphics configuration
)
Package graphics Info: Driver file: pdftex.def on input line 106.

(/usr/local/texlive/2025/texmf-dist/tex/latex/graphics-def/pdftex.def
File: pdftex.def 2024/04/13 v1.2c Graphics/color driver for pdftex
))
\Gin@req@height=\dimen172
\Gin@req@width=\dimen173
)
(/usr/local/texlive/2025/texmf-dist/tex/latex/placeins/placeins.sty
Package: placeins 2005/04/18  v 2.2
)
(/usr/local/texlive/2025/texmf-dist/tex/latex/float/float.sty
Package: float 2001/11/08 v1.3d Float enhancements (AL)
\c@float@type=\count289
\float@exts=\toks24
\float@box=\box54
\@float@everytoks=\toks25
\@floatcapt=\box55
)
(/usr/local/texlive/2025/texmf-dist/tex/latex/l3backend/l3backend-pdftex.def
File: l3backend-pdftex.def 2024-05-08 L3 backend support: PDF output (pdfTeX)
\l__color_backend_stack_int=\count290
\l__pdf_internal_box=\box56
)
(./model.aux)
\openout1 = `model.aux'.

LaTeX Font Info:    Checking defaults for OML/cmm/m/it on input line 14.
LaTeX Font Info:    ... okay on input line 14.
LaTeX Font Info:    Checking defaults for OMS/cmsy/m/n on input line 14.
LaTeX Font Info:    ... okay on input line 14.
LaTeX Font Info:    Checking defaults for OT1/cmr/m/n on input line 14.
LaTeX Font Info:    ... okay on input line 14.
LaTeX Font Info:    Checking defaults for T1/cmr/m/n on input line 14.
LaTeX Font Info:    ... okay on input line 14.
LaTeX Font Info:    Checking defaults for TS1/cmr/m/n on input line 14.
LaTeX Font Info:    ... okay on input line 14.
LaTeX Font Info:    Checking defaults for OMX/cmex/m/n on input line 14.
LaTeX Font Info:    ... okay on input line 14.
LaTeX Font Info:    Checking defaults for U/cmr/m/n on input line 14.
LaTeX Font Info:    ... okay on input line 14.

*geometry* driver: auto-detecting
*geometry* detected driver: pdftex
*geometry* verbose mode - [ preamble ] result:
* driver: pdftex
* paper: a4paper
* layout: <same size as paper>
* layoutoffset:(h,v)=(0.0pt,0.0pt)
* modes: 
* h-part:(L,W,R)=(46.97505pt, 503.55777pt, 46.97505pt)
* v-part:(T,H,B)=(46.97505pt, 751.09674pt, 46.97505pt)
* \paperwidth=597.50787pt
* \paperheight=845.04684pt
* \textwidth=503.55777pt
* \textheight=751.09674pt
* \oddsidemargin=-25.29494pt
* \evensidemargin=-25.29494pt
* \topmargin=-62.29494pt
* \headheight=12.0pt
* \headsep=25.0pt
* \topskip=10.0pt
* \footskip=30.0pt
* \marginparwidth=65.0pt
* \marginparsep=11.0pt
* \columnsep=10.0pt
* \skip\footins=9.0pt plus 4.0pt minus 2.0pt
* \hoffset=0.0pt
* \voffset=0.0pt
* \mag=1000
* \@twocolumnfalse
* \@twosidefalse
* \@mparswitchfalse
* \@reversemarginfalse
* (1in=72.27pt=25.4mm, 1cm=28.453pt)

(/usr/local/texlive/2025/texmf-dist/tex/context/base/mkii/supp-pdf.mkii
[Loading MPS to PDF converter (version 2006.09.02).]
\scratchcounter=\count291
\scratchdimen=\dimen174
\scratchbox=\box57
\nofMPsegments=\count292
\nofMParguments=\count293
\everyMPshowfont=\toks26
\MPscratchCnt=\count294
\MPscratchDim=\dimen175
\MPnumerator=\count295
\makeMPintoPDFobject=\count296
\everyMPtoPDFconversion=\toks27
) (/usr/local/texlive/2025/texmf-dist/tex/latex/epstopdf-pkg/epstopdf-base.sty
Package: epstopdf-base 2020-01-24 v2.11 Base part for package epstopdf
Package epstopdf-base Info: Redefining graphics rule for `.eps' on input line 4
85.

(/usr/local/texlive/2025/texmf-dist/tex/latex/latexconfig/epstopdf-sys.cfg
File: epstopdf-sys.cfg 2010/07/13 v1.3 Configuration of (r)epstopdf for TeX Liv
e
))
LaTeX Font Info:    Trying to load font information for U+msa on input line 15.


(/usr/local/texlive/2025/texmf-dist/tex/latex/amsfonts/umsa.fd
File: umsa.fd 2013/01/14 v3.01 AMS symbols A
)
LaTeX Font Info:    Trying to load font information for U+msb on input line 15.


(/usr/local/texlive/2025/texmf-dist/tex/latex/amsfonts/umsb.fd
File: umsb.fd 2013/01/14 v3.01 AMS symbols B
)
LaTeX Font Info:    Trying to load font information for OMS+cmr on input line 4
3.

(/usr/local/texlive/2025/texmf-dist/tex/latex/base/omscmr.fd
File: omscmr.fd 2024/11/19 v2.5n Standard LaTeX font definitions
)
LaTeX Font Info:    Font shape `OMS/cmr/m/n' in size <10> not available
(Font)              Font shape `OMS/cmsy/m/n' tried instead on input line 43.


[1

{/usr/local/texlive/2025/texmf-var/fonts/map/pdftex/updmap/pdftex.map}]
Overfull \hbox (34.42259pt too wide) in paragraph at lines 88--97
 [] 
 []

<plots/winner_counts_fixed_grid.png, id=20, 650.43pt x 346.896pt>
File: plots/winner_counts_fixed_grid.png Graphic file (type png)
<use plots/winner_counts_fixed_grid.png>
Package pdftex.def Info: plots/winner_counts_fixed_grid.png  used on input line
 121.
(pdftex.def)             Requested size: 412.92105pt x 220.22887pt.


[2]
<plots/cv_axial_rss_boxplot_fixed_grid.png, id=25, 722.7pt x 361.35pt>
File: plots/cv_axial_rss_boxplot_fixed_grid.png Graphic file (type png)
<use plots/cv_axial_rss_boxplot_fixed_grid.png>
Package pdftex.def Info: plots/cv_axial_rss_boxplot_fixed_grid.png  used on inp
ut line 127.
(pdftex.def)             Requested size: 433.05998pt x 216.53047pt.
<plots/fitted_overlays/Front_EE-1_1_3000x_rings_coords_fixed_grid_overlays.png,
 id=26, 1300.86pt x 686.565pt>
File: plots/fitted_overlays/Front_EE-1_1_3000x_rings_coords_fixed_grid_overlays
.png Graphic file (type png)
<use plots/fitted_overlays/Front_EE-1_1_3000x_rings_coords_fixed_grid_overlays.
png>
Package pdftex.def Info: plots/fitted_overlays/Front_EE-1_1_3000x_rings_coords_
fixed_grid_overlays.png  used on input line 138.
(pdftex.def)             Requested size: 503.55777pt x 265.7688pt.
<plots/fitted_overlays/Front_EE-1_2_3000x_rings_coords_fixed_grid_overlays.png,
 id=27, 1300.86pt x 686.565pt>
File: plots/fitted_overlays/Front_EE-1_2_3000x_rings_coords_fixed_grid_overlays
.png Graphic file (type png)
<use plots/fitted_overlays/Front_EE-1_2_3000x_rings_coords_fixed_grid_overlays.
png>
Package pdftex.def Info: plots/fitted_overlays/Front_EE-1_2_3000x_rings_coords_
fixed_grid_overlays.png  used on input line 143.
(pdftex.def)             Requested size: 503.55777pt x 265.7688pt.
<plots/fitted_overlays/Front_EE-1_3_3000x_rings_coords_fixed_grid_overlays.png,
 id=28, 1300.86pt x 686.565pt>
File: plots/fitted_overlays/Front_EE-1_3_3000x_rings_coords_fixed_grid_overlays
.png Graphic file (type png)
<use plots/fitted_overlays/Front_EE-1_3_3000x_rings_coords_fixed_grid_overlays.
png>
Package pdftex.def Info: plots/fitted_overlays/Front_EE-1_3_3000x_rings_coords_
fixed_grid_overlays.png  used on input line 148.
(pdftex.def)             Requested size: 503.55777pt x 265.7688pt.
<plots/fitted_overlays/Front_EE-1_4_3000x_rings_coords_fixed_grid_overlays.png,
 id=29, 1300.86pt x 686.565pt>
File: plots/fitted_overlays/Front_EE-1_4_3000x_rings_coords_fixed_grid_overlays
.png Graphic file (type png)
<use plots/fitted_overlays/Front_EE-1_4_3000x_rings_coords_fixed_grid_overlays.
png>
Package pdftex.def Info: plots/fitted_overlays/Front_EE-1_4_3000x_rings_coords_
fixed_grid_overlays.png  used on input line 153.
(pdftex.def)             Requested size: 503.55777pt x 265.7688pt.
<plots/fitted_overlays/Front_EE-1_5_3000x_rings_coords_fixed_grid_overlays.png,
 id=30, 1300.86pt x 686.565pt>
File: plots/fitted_overlays/Front_EE-1_5_3000x_rings_coords_fixed_grid_overlays
.png Graphic file (type png)
<use plots/fitted_overlays/Front_EE-1_5_3000x_rings_coords_fixed_grid_overlays.
png>
Package pdftex.def Info: plots/fitted_overlays/Front_EE-1_5_3000x_rings_coords_
fixed_grid_overlays.png  used on input line 158.
(pdftex.def)             Requested size: 503.55777pt x 265.7688pt.
<plots/fitted_overlays/Front_EE1_1_3000x_rings_coords_fixed_grid_overlays.png, 
id=31, 1300.86pt x 686.565pt>
File: plots/fitted_overlays/Front_EE1_1_3000x_rings_coords_fixed_grid_overlays.
png Graphic file (type png)
<use plots/fitted_overlays/Front_EE1_1_3000x_rings_coords_fixed_grid_overlays.p
ng>
Package pdftex.def Info: plots/fitted_overlays/Front_EE1_1_3000x_rings_coords_f
ixed_grid_overlays.png  used on input line 163.
(pdftex.def)             Requested size: 503.55777pt x 265.7688pt.
<plots/fitted_overlays/Front_EE1_2_3000x_rings_coords_fixed_grid_overlays.png, 
id=32, 1300.86pt x 686.565pt>
File: plots/fitted_overlays/Front_EE1_2_3000x_rings_coords_fixed_grid_overlays.
png Graphic file (type png)
<use plots/fitted_overlays/Front_EE1_2_3000x_rings_coords_fixed_grid_overlays.p
ng>
Package pdftex.def Info: plots/fitted_overlays/Front_EE1_2_3000x_rings_coords_f
ixed_grid_overlays.png  used on input line 168.
(pdftex.def)             Requested size: 503.55777pt x 265.7688pt.
<plots/fitted_overlays/Front_EE1_3_3000x_rings_coords_fixed_grid_overlays.png, 
id=33, 1300.86pt x 686.565pt>
File: plots/fitted_overlays/Front_EE1_3_3000x_rings_coords_fixed_grid_overlays.
png Graphic file (type png)
<use plots/fitted_overlays/Front_EE1_3_3000x_rings_coords_fixed_grid_overlays.p
ng>
Package pdftex.def Info: plots/fitted_overlays/Front_EE1_3_3000x_rings_coords_f
ixed_grid_overlays.png  used on input line 173.
(pdftex.def)             Requested size: 503.55777pt x 265.7688pt.
<plots/fitted_overlays/Front_EE1_4_3000x_rings_coords_fixed_grid_overlays.png, 
id=34, 1300.86pt x 686.565pt>
File: plots/fitted_overlays/Front_EE1_4_3000x_rings_coords_fixed_grid_overlays.
png Graphic file (type png)
<use plots/fitted_overlays/Front_EE1_4_3000x_rings_coords_fixed_grid_overlays.p
ng>
Package pdftex.def Info: plots/fitted_overlays/Front_EE1_4_3000x_rings_coords_f
ixed_grid_overlays.png  used on input line 178.
(pdftex.def)             Requested size: 503.55777pt x 265.7688pt.
<plots/fitted_overlays/Front_EE1_5_3000x_rings_coords_fixed_grid_overlays.png, 
id=35, 1300.86pt x 686.565pt>
File: plots/fitted_overlays/Front_EE1_5_3000x_rings_coords_fixed_grid_overlays.
png Graphic file (type png)
<use plots/fitted_overlays/Front_EE1_5_3000x_rings_coords_fixed_grid_overlays.p
ng>
Package pdftex.def Info: plots/fitted_overlays/Front_EE1_5_3000x_rings_coords_f
ixed_grid_overlays.png  used on input line 183.
(pdftex.def)             Requested size: 503.55777pt x 265.7688pt.


[3 <./plots/winner_counts_fixed_grid.png> <./plots/cv_axial_rss_boxplot_fixed_g
rid.png>]

[4 <./plots/fitted_overlays/Front_EE-1_1_3000x_rings_coords_fixed_grid_overlays
.png> <./plots/fitted_overlays/Front_EE-1_2_3000x_rings_coords_fixed_grid_overl
ays.png>]

[5 <./plots/fitted_overlays/Front_EE-1_3_3000x_rings_coords_fixed_grid_overlays
.png> <./plots/fitted_overlays/Front_EE-1_4_3000x_rings_coords_fixed_grid_overl
ays.png>]

[6 <./plots/fitted_overlays/Front_EE-1_5_3000x_rings_coords_fixed_grid_overlays
.png> <./plots/fitted_overlays/Front_EE1_1_3000x_rings_coords_fixed_grid_overla
ys.png>]

[7 <./plots/fitted_overlays/Front_EE1_2_3000x_rings_coords_fixed_grid_overlays.
png> <./plots/fitted_overlays/Front_EE1_3_3000x_rings_coords_fixed_grid_overlay
s.png>]

[8 <./plots/fitted_overlays/Front_EE1_4_3000x_rings_coords_fixed_grid_overlays.
png> <./plots/fitted_overlays/Front_EE1_5_3000x_rings_coords_fixed_grid_overlay
s.png>]

[9] (./model.aux)
 ***********
LaTeX2e <2024-11-01> patch level 2
L3 programming layer <2025-01-18>
 ***********
 ) 
Here is how much of TeX's memory you used:
 3402 strings out of 473190
 55098 string characters out of 5715799
 455223 words of memory out of 5000000
 26623 multiletter control sequences out of 15000+600000
 568580 words of font info for 75 fonts, out of 8000000 for 9000
 1141 hyphenation exceptions out of 8191
 57i,7n,65p,523b,248s stack positions out of 10000i,1000n,20000p,200000b,200000s
</usr/local/texlive/2025/texmf-dist/fonts/type1/public/amsfonts/cm/cmbx12.pfb
></usr/local/texlive/2025/texmf-dist/fonts/type1/public/amsfonts/cm/cmbx9.pfb><
/usr/local/texlive/2025/texmf-dist/fonts/type1/public/amsfonts/cm/cmex10.pfb></
usr/local/texlive/2025/texmf-dist/fonts/type1/public/amsfonts/cm/cmmi10.pfb></u
sr/local/texlive/2025/texmf-dist/fonts/type1/public/amsfonts/cm/cmmi7.pfb></usr
/local/texlive/2025/texmf-dist/fonts/type1/public/amsfonts/cm/cmmi9.pfb></usr/l
ocal/texlive/2025/texmf-dist/fonts/type1/public/amsfonts/cm/cmr10.pfb></usr/loc
al/texlive/2025/texmf-dist/fonts/type1/public/amsfonts/cm/cmr12.pfb></usr/local
/texlive/2025/texmf-dist/fonts/type1/public/amsfonts/cm/cmr17.pfb></usr/local/t
exlive/2025/texmf-dist/fonts/type1/public/amsfonts/cm/cmr7.pfb></usr/local/texl
ive/2025/texmf-dist/fonts/type1/public/amsfonts/cm/cmr9.pfb></usr/local/texlive
/2025/texmf-dist/fonts/type1/public/amsfonts/cm/cmsy10.pfb></usr/local/texlive/
2025/texmf-dist/fonts/type1/public/amsfonts/cm/cmsy7.pfb></usr/local/texlive/20
25/texmf-dist/fonts/type1/public/amsfonts/cm/cmtt10.pfb></usr/local/texlive/202
5/texmf-dist/fonts/type1/public/amsfonts/cm/cmtt9.pfb>
Output written on model.pdf (9 pages, 12792501 bytes).
PDF statistics:
 134 PDF objects out of 1000 (max. 8388607)
 68 compressed objects within 1 object stream
 0 named destinations out of 1000 (max. 500000)
 61 words of extra memory for PDF output out of 10000 (max. 10000000)

